﻿
> chat-app@1.0.0 build
> vite build

[36mvite v7.3.3 [32mbuilding client environment for production...[36m[39m
transforming...
[32mÔ£ô[39m 2167 modules transformed.
rendering chunks...
computing gzip size...
[2mdist/[22m[32mindex.html                 [39m[1m[2m    1.23 kB[22m[1m[22m[2m Ôöé gzip:   0.57 kB[22m
[2mdist/[22m[35massets/index-COhiV4Y4.css  [39m[1m[2m  100.68 kB[22m[1m[22m[2m Ôöé gzip:  16.36 kB[22m
[2mdist/[22m[36massets/index-BTmTo1Vr.js   [39m[1m[33m1,094.69 kB[39m[22m[2m Ôöé gzip: 303.20 kB[22m
node.exe : [33m
At line:1 char:1
+ & "C:\Program Files\nodejs/node.exe" "C:\Program Files\nodejs/node_mo ...
+ ~~~~~~~~~~~~~~~~~~~~~~~~~~~~~~~~~~~~~~~~~~~~~~~~~~~~~~~~~~~~~~~~~~~~~
    + CategoryInfo          : NotSpecified: ([33m:String) [], RemoteException
    + FullyQualifiedErrorId : NativeCommandError
 
(!) Some chunks are larger than 500 kB after minification. Consider:
- Using dynamic import() to code-split the application
- Use build.rollupOptions.output.manualChunks to improve chunking: 
https://rollupjs.org/configuration-options/#output-manualchunks
- Adjust chunk size limit for this warning via 
build.chunkSizeWarningLimit.[39m
[32mÔ£ô built in 35.10s[39m
fatal error: too many writes on closed pipe

goroutine 6 gp=0x188fdc0 m=0 mp=0x3ed020 [running]:
runtime.throw({0x9ed47, 0x1e})
	runtime/panic.go:1023 +0x3 fp=0x1844ef8 sp=0x1844ed0 pc=0x12590003
os.sigpipe()
	runtime/os_wasm.go:114 +0x2 fp=0x1844f10 sp=0x1844ef8 pc=0x14560002
os.epipecheck(...)
	os/file_unix.go:250
os.(*File).Write(0x1820060, {0x7a7a100, 0x21, 0x40})
	os/file.go:197 +0x28 fp=0x1844f78 sp=0x1844f10 pc=0x16d20028
main.runService.func1()
	github.com/evanw/esbuild/cmd/esbuild/service.go:99 +0x7 fp=0x1844fe0 
sp=0x1844f78 pc=0x20460007
runtime.goexit({})
	runtime/asm_wasm.s:434 +0x1 fp=0x1844fe8 sp=0x1844fe0 pc=0x14ac0001
created by main.runService in goroutine 1
	github.com/evanw/esbuild/cmd/esbuild/service.go:97 +0x14

goroutine 1 gp=0x18001c0 m=nil [chan receive]:
runtime.gopark(0xb2f48, 0x183e178, 0xe, 0x7, 0x2)
	runtime/proc.go:402 +0x25 fp=0x18d1ba8 sp=0x18d1b80 pc=0x12810025
runtime.chanrecv(0x183e120, 0x0, 0x1)
	runtime/chan.go:583 +0x66 fp=0x18d1c28 sp=0x18d1ba8 pc=0x10780066
runtime.chanrecv1(0x183e120, 0x0)
	runtime/chan.go:442 +0x2 fp=0x18d1c50 sp=0x18d1c28 pc=0x10760002
github.com/evanw/esbuild/internal/helpers.(*ThreadSafeWaitGroup).Wait(...)
	github.com/evanw/esbuild/internal/helpers/waitgroup.go:36
main.runService.func2()
	github.com/evanw/esbuild/cmd/esbuild/service.go:114 +0x8 fp=0x18d1c70 
sp=0x18d1c50 pc=0x20450008
main.runService(0x1)
	github.com/evanw/esbuild/cmd/esbuild/service.go:160 +0x4c fp=0x18d1dc8 
sp=0x18d1c70 pc=0x2043004c
main.main()
	github.com/evanw/esbuild/cmd/esbuild/main.go:241 +0x92 fp=0x18d1f68 
sp=0x18d1dc8 pc=0x203c0092
runtime.main()
	runtime/proc.go:271 +0x41 fp=0x18d1fe0 sp=0x18d1f68 pc=0x127b0041
runtime.goexit({})
	runtime/asm_wasm.s:434 +0x1 fp=0x18d1fe8 sp=0x18d1fe0 pc=0x14ac0001

goroutine 2 gp=0x1800380 m=nil [force gc (idle)]:
runtime.gopark(0xb31f8, 0x3ec090, 0x11, 0xa, 0x1)
	runtime/proc.go:402 +0x25 fp=0x1834fb0 sp=0x1834f88 pc=0x12810025
runtime.goparkunlock(...)
	runtime/proc.go:408
runtime.forcegchelper()
	runtime/proc.go:326 +0x1b fp=0x1834fe0 sp=0x1834fb0 pc=0x127e001b
runtime.goexit({})
	runtime/asm_wasm.s:434 +0x1 fp=0x1834fe8 sp=0x1834fe0 pc=0x14ac0001
created by runtime.init.5 in goroutine 1
	runtime/proc.go:314 +0x2

goroutine 3 gp=0x1800540 m=nil [GC sweep wait]:
runtime.gopark(0xb31f8, 0x3ec3e0, 0xc, 0x9, 0x1)
	runtime/proc.go:402 +0x25 fp=0x1835790 sp=0x1835768 pc=0x12810025
runtime.goparkunlock(...)
	runtime/proc.go:408
runtime.bgsweep(0x1838000)
	runtime/mgcsweep.go:318 +0x1d fp=0x18357d0 sp=0x1835790 pc=0x11a7001d
runtime.gcenable.gowrap1()
	runtime/mgc.go:203 +0x2 fp=0x18357e0 sp=0x18357d0 pc=0x112c0002
runtime.goexit({})
	runtime/asm_wasm.s:434 +0x1 fp=0x18357e8 sp=0x18357e0 pc=0x14ac0001
created by runtime.gcenable in goroutine 1
	runtime/mgc.go:203 +0x6

goroutine 4 gp=0x1800700 m=nil [GC scavenge wait]:
runtime.gopark(0xb31f8, 0x3ec8e0, 0xd, 0xa, 0x2)
	runtime/proc.go:402 +0x25 fp=0x1835f80 sp=0x1835f58 pc=0x12810025
runtime.goparkunlock(...)
	runtime/proc.go:408
runtime.(*scavengerState).park(0x3ec8e0)
	runtime/mgcscavenge.go:425 +0xc fp=0x1835fa8 sp=0x1835f80 pc=0x1185000c
runtime.bgscavenge(0x1838000)
	runtime/mgcscavenge.go:658 +0x8 fp=0x1835fd0 sp=0x1835fa8 pc=0x118a0008
runtime.gcenable.gowrap2()
	runtime/mgc.go:204 +0x2 fp=0x1835fe0 sp=0x1835fd0 pc=0x112b0002
runtime.goexit({})
	runtime/asm_wasm.s:434 +0x1 fp=0x1835fe8 sp=0x1835fe0 pc=0x14ac0001
created by runtime.gcenable in goroutine 1
	runtime/mgc.go:204 +0xa

goroutine 5 gp=0x18008c0 m=nil [finalizer wait]:
runtime.gopark(0xb2f78, 0x43b270, 0x10, 0xa, 0x1)
	runtime/proc.go:402 +0x25 fp=0x1834710 sp=0x18346e8 pc=0x12810025
runtime.runfinq()
	runtime/mfinal.go:194 +0x1c fp=0x18347e0 sp=0x1834710 pc=0x1122001c
runtime.goexit({})
	runtime/asm_wasm.s:434 +0x1 fp=0x18347e8 sp=0x18347e0 pc=0x14ac0001
created by runtime.createfing in goroutine 1
	runtime/mfinal.go:164 +0xc

goroutine 7 gp=0x18c6000 m=nil [waiting]:
runtime.gopark(0x0, 0x0, 0x0, 0x0, 0x1)
	runtime/proc.go:402 +0x25 fp=0x1836f60 sp=0x1836f38 pc=0x12810025
runtime.handleEvent()
	runtime/lock_js.go:296 +0x25 fp=0x1836fe0 sp=0x1836f60 pc=0x10b90025
runtime.goexit({})
	runtime/asm_wasm.s:434 +0x1 fp=0x1836fe8 sp=0x1836fe0 pc=0x14ac0001
created by runtime.beforeIdle
	runtime/lock_js.go:238 +0x1e

goroutine 8 gp=0x18c61c0 m=nil [chan receive]:
runtime.gopark(0xb2f48, 0x7a7c178, 0xe, 0x7, 0x2)
	runtime/proc.go:402 +0x25 fp=0x1841e90 sp=0x1841e68 pc=0x12810025
runtime.chanrecv(0x7a7c120, 0x1841f70, 0x1)
	runtime/chan.go:583 +0x66 fp=0x1841f10 sp=0x1841e90 pc=0x10780066
runtime.chanrecv1(0x7a7c120, 0x1841f70)
	runtime/chan.go:442 +0x2 fp=0x1841f38 sp=0x1841f10 pc=0x10760002
main.(*serviceType).sendRequest(0x180fc80, {0x45360, 0x421a720})
	github.com/evanw/esbuild/cmd/esbuild/service.go:192 +0x9 fp=0x1841f90 
sp=0x1841f38 pc=0x20480009
main.runService.func3()
	github.com/evanw/esbuild/cmd/esbuild/service.go:125 +0x3 fp=0x1841fe0 
sp=0x1841f90 pc=0x20440003
runtime.goexit({})
	runtime/asm_wasm.s:434 +0x1 fp=0x1841fe8 sp=0x1841fe0 pc=0x14ac0001
created by main.runService in goroutine 1
	github.com/evanw/esbuild/cmd/esbuild/service.go:122 +0x31

goroutine 90 gp=0x18c6540 m=nil [GC worker (idle)]:
runtime.gopark(0xb2f98, 0x1b10940, 0x1a, 0xa, 0x0)
	runtime/proc.go:402 +0x25 fp=0x1836748 sp=0x1836720 pc=0x12810025
runtime.gcBgMarkWorker()
	runtime/mgc.go:1310 +0x1f fp=0x18367e0 sp=0x1836748 pc=0x113e001f
runtime.goexit({})
	runtime/asm_wasm.s:434 +0x1 fp=0x18367e8 sp=0x18367e0 pc=0x14ac0001
created by runtime.gcBgMarkStartWorkers in goroutine 89
	runtime/mgc.go:1234 +0x3
